This file contains the expected output of --validate-extension-api when run against the extension_api.json of the
4.3-stable tag (the basename of this file).

Only lines that start with "Validate extension JSON:" matter, everything else is considered a comment and ignored. They
should instead be used to justify these changes and describe how users should work around these changes.

Add new entries at the end of the file.

## Changes between 4.3-stable and 4.4-stable

GH-92175
--------
Validate extension JSON: Error: Field 'classes/EditorImportPlugin/methods/_import/arguments': size changed value in new API, from 5 to 3.
Validate extension JSON: Error: Field 'classes/EditorImportPlugin/methods/_import/return_value': type changed value in new API, from "enum::Error" to "Dictionary".
Validate extension JSON: Error: Field 'classes/EditorResourcePreviewGenerator/methods/_generate/arguments': size changed value in new API, from 3 to 2.
Validate extension JSON: Error: Field 'classes/EditorResourcePreviewGenerator/methods/_generate/return_value': type changed value in new API, from "Texture2D" to "Dictionary".
Validate extension JSON: Error: Field 'classes/EditorResourcePreviewGenerator/methods/_generate_from_path/arguments': size changed value in new API, from 3 to 2.
Validate extension JSON: Error: Field 'classes/EditorResourcePreviewGenerator/methods/_generate_from_path/return_value': type changed value in new API, from "Texture2D" to "Dictionary".
Validate extension JSON: Error: Field 'classes/EditorTranslationParserPlugin/methods/_parse_file/arguments': size changed value in new API, from 3 to 1.
Validate extension JSON: JSON file: Field was added in a way that breaks compatibility 'classes/EditorTranslationParserPlugin/methods/_parse_file': return_value

Return values were passed in constant reference arguments. Changed to using a return Dictionary.
